// Jest Snapshot v1, https://goo.gl/fbAQLP

exports[`Teste de Snapshot Snapshot de App 1`] = `
<View>
  <Text>
    Cálculo do Dobro
  </Text>
  <TextInput
    onChangeText={[Function]}
    placeholder="Digite um número: "
    testID="entrada"
  />
  <View
    accessibilityRole="button"
    accessible={true}
    collapsable={false}
    focusable={true}
    onClick={[Function]}
    onResponderGrant={[Function]}
    onResponderMove={[Function]}
    onResponderRelease={[Function]}
    onResponderTerminate={[Function]}
    onResponderTerminationRequest={[Function]}
    onStartShouldSetResponder={[Function]}
    style={
      Object {
        "opacity": 1,
      }
    }
    testID="calc"
  >
    <View
      style={
        Array [
          Object {},
        ]
      }
    >
      <Text
        style={
          Array [
            Object {
              "color": "#007AFF",
              "fontSize": 18,
              "margin": 8,
              "textAlign": "center",
            },
          ]
        }
      >
        Calcular
      </Text>
    </View>
  </View>
  <Text
    testID="resultado"
  >
    0
  </Text>
</View>
`;
